Archive member included to satisfy reference by file (symbol)

/Applications/STM32CubeIDE.app/Contents/Eclipse/plugins/com.st.stm32cube.ide.mcu.externaltools.gnu-tools-for-stm32.10.3-2021.10.macos64_1.0.100.202210260954/tools/bin/../lib/gcc/arm-none-eabi/10.3.1/../../../../arm-none-eabi/lib/thumb/v7e-m+fp/hard/libc_nano.a(lib_a-errno.o)
                              ./Src/syscalls.o (__errno)
/Applications/STM32CubeIDE.app/Contents/Eclipse/plugins/com.st.stm32cube.ide.mcu.externaltools.gnu-tools-for-stm32.10.3-2021.10.macos64_1.0.100.202210260954/tools/bin/../lib/gcc/arm-none-eabi/10.3.1/../../../../arm-none-eabi/lib/thumb/v7e-m+fp/hard/libc_nano.a(lib_a-exit.o)
                              /Applications/STM32CubeIDE.app/Contents/Eclipse/plugins/com.st.stm32cube.ide.mcu.externaltools.gnu-tools-for-stm32.10.3-2021.10.macos64_1.0.100.202210260954/tools/bin/../lib/gcc/arm-none-eabi/10.3.1/../../../../arm-none-eabi/lib/thumb/v7e-m+fp/hard/crt0.o (exit)
/Applications/STM32CubeIDE.app/Contents/Eclipse/plugins/com.st.stm32cube.ide.mcu.externaltools.gnu-tools-for-stm32.10.3-2021.10.macos64_1.0.100.202210260954/tools/bin/../lib/gcc/arm-none-eabi/10.3.1/../../../../arm-none-eabi/lib/thumb/v7e-m+fp/hard/libc_nano.a(lib_a-impure.o)
                              /Applications/STM32CubeIDE.app/Contents/Eclipse/plugins/com.st.stm32cube.ide.mcu.externaltools.gnu-tools-for-stm32.10.3-2021.10.macos64_1.0.100.202210260954/tools/bin/../lib/gcc/arm-none-eabi/10.3.1/../../../../arm-none-eabi/lib/thumb/v7e-m+fp/hard/libc_nano.a(lib_a-exit.o) (_global_impure_ptr)
/Applications/STM32CubeIDE.app/Contents/Eclipse/plugins/com.st.stm32cube.ide.mcu.externaltools.gnu-tools-for-stm32.10.3-2021.10.macos64_1.0.100.202210260954/tools/bin/../lib/gcc/arm-none-eabi/10.3.1/../../../../arm-none-eabi/lib/thumb/v7e-m+fp/hard/libc_nano.a(lib_a-init.o)
                              /Applications/STM32CubeIDE.app/Contents/Eclipse/plugins/com.st.stm32cube.ide.mcu.externaltools.gnu-tools-for-stm32.10.3-2021.10.macos64_1.0.100.202210260954/tools/bin/../lib/gcc/arm-none-eabi/10.3.1/../../../../arm-none-eabi/lib/thumb/v7e-m+fp/hard/crt0.o (__libc_init_array)
/Applications/STM32CubeIDE.app/Contents/Eclipse/plugins/com.st.stm32cube.ide.mcu.externaltools.gnu-tools-for-stm32.10.3-2021.10.macos64_1.0.100.202210260954/tools/bin/../lib/gcc/arm-none-eabi/10.3.1/../../../../arm-none-eabi/lib/thumb/v7e-m+fp/hard/libc_nano.a(lib_a-memset.o)
                              /Applications/STM32CubeIDE.app/Contents/Eclipse/plugins/com.st.stm32cube.ide.mcu.externaltools.gnu-tools-for-stm32.10.3-2021.10.macos64_1.0.100.202210260954/tools/bin/../lib/gcc/arm-none-eabi/10.3.1/../../../../arm-none-eabi/lib/thumb/v7e-m+fp/hard/crt0.o (memset)
/Applications/STM32CubeIDE.app/Contents/Eclipse/plugins/com.st.stm32cube.ide.mcu.externaltools.gnu-tools-for-stm32.10.3-2021.10.macos64_1.0.100.202210260954/tools/bin/../lib/gcc/arm-none-eabi/10.3.1/../../../../arm-none-eabi/lib/thumb/v7e-m+fp/hard/libc_nano.a(lib_a-printf.o)
                              ./Src/i2c.o (printf)
/Applications/STM32CubeIDE.app/Contents/Eclipse/plugins/com.st.stm32cube.ide.mcu.externaltools.gnu-tools-for-stm32.10.3-2021.10.macos64_1.0.100.202210260954/tools/bin/../lib/gcc/arm-none-eabi/10.3.1/../../../../arm-none-eabi/lib/thumb/v7e-m+fp/hard/libc_nano.a(lib_a-sprintf.o)
                              ./Src/main.o (sprintf)
/Applications/STM32CubeIDE.app/Contents/Eclipse/plugins/com.st.stm32cube.ide.mcu.externaltools.gnu-tools-for-stm32.10.3-2021.10.macos64_1.0.100.202210260954/tools/bin/../lib/gcc/arm-none-eabi/10.3.1/../../../../arm-none-eabi/lib/thumb/v7e-m+fp/hard/libc_nano.a(lib_a-strlen.o)
                              ./Src/fonts.o (strlen)
/Applications/STM32CubeIDE.app/Contents/Eclipse/plugins/com.st.stm32cube.ide.mcu.externaltools.gnu-tools-for-stm32.10.3-2021.10.macos64_1.0.100.202210260954/tools/bin/../lib/gcc/arm-none-eabi/10.3.1/../../../../arm-none-eabi/lib/thumb/v7e-m+fp/hard/libc_nano.a(lib_a-findfp.o)
                              /Applications/STM32CubeIDE.app/Contents/Eclipse/plugins/com.st.stm32cube.ide.mcu.externaltools.gnu-tools-for-stm32.10.3-2021.10.macos64_1.0.100.202210260954/tools/bin/../lib/gcc/arm-none-eabi/10.3.1/../../../../arm-none-eabi/lib/thumb/v7e-m+fp/hard/libc_nano.a(lib_a-printf.o) (__sinit)
/Applications/STM32CubeIDE.app/Contents/Eclipse/plugins/com.st.stm32cube.ide.mcu.externaltools.gnu-tools-for-stm32.10.3-2021.10.macos64_1.0.100.202210260954/tools/bin/../lib/gcc/arm-none-eabi/10.3.1/../../../../arm-none-eabi/lib/thumb/v7e-m+fp/hard/libc_nano.a(lib_a-fwalk.o)
                              /Applications/STM32CubeIDE.app/Contents/Eclipse/plugins/com.st.stm32cube.ide.mcu.externaltools.gnu-tools-for-stm32.10.3-2021.10.macos64_1.0.100.202210260954/tools/bin/../lib/gcc/arm-none-eabi/10.3.1/../../../../arm-none-eabi/lib/thumb/v7e-m+fp/hard/libc_nano.a(lib_a-findfp.o) (_fwalk)
[...]
Memory Configuration

Name             Origin             Length             Attributes
RAM              0x0000000020000000 0x0000000000020000 xrw
FLASH            0x0000000008000000 0x0000000000080000 xr
*default*        0x0000000000000000 0xffffffffffffffff

Linker script and memory map

LOAD /Applications/STM32CubeIDE.app/Contents/Eclipse/plugins/com.st.stm32cube.ide.mcu.externaltools.gnu-tools-for-stm32.10.3-2021.10.macos64_1.0.100.202210260954/tools/bin/../lib/gcc/arm-none-eabi/10.3.1/thumb/v7e-m+fp/hard/crti.o
LOAD /Applications/STM32CubeIDE.app/Contents/Eclipse/plugins/com.st.stm32cube.ide.mcu.externaltools.gnu-tools-for-stm32.10.3-2021.10.macos64_1.0.100.202210260954/tools/bin/../lib/gcc/arm-none-eabi/10.3.1/thumb/v7e-m+fp/hard/crtbegin.o
LOAD /Applications/STM32CubeIDE.app/Contents/Eclipse/plugins/com.st.stm32cube.ide.mcu.externaltools.gnu-tools-for-stm32.10.3-2021.10.macos64_1.0.100.202210260954/tools/bin/../lib/gcc/arm-none-eabi/10.3.1/../../../../arm-none-eabi/lib/thumb/v7e-m+fp/hard/crt0.o
LOAD ./Src/core.o
LOAD ./Src/delay.o
LOAD ./Src/fonts.o
LOAD ./Src/i2c.o
LOAD ./Src/main.o
LOAD ./Src/oled.o
LOAD ./Src/spi.o
LOAD ./Src/sys_init.o
LOAD ./Src/syscalls.o
LOAD ./Src/sysmem.o
LOAD ./Src/test.o
LOAD ./Src/uart.o
LOAD ./Startup/startup_stm32f411retx.o
START GROUP
LOAD /Applications/STM32CubeIDE.app/Contents/Eclipse/plugins/com.st.stm32cube.ide.mcu.externaltools.gnu-tools-for-stm32.10.3-2021.10.macos64_1.0.100.202210260954/tools/bin/../lib/gcc/arm-none-eabi/10.3.1/../../../../arm-none-eabi/lib/thumb/v7e-m+fp/hard/libc_nano.a
LOAD /Applications/STM32CubeIDE.app/Contents/Eclipse/plugins/com.st.stm32cube.ide.mcu.externaltools.gnu-tools-for-stm32.10.3-2021.10.macos64_1.0.100.202210260954/tools/bin/../lib/gcc/arm-none-eabi/10.3.1/../../../../arm-none-eabi/lib/thumb/v7e-m+fp/hard/libm.a
END GROUP
START GROUP
LOAD /Applications/STM32CubeIDE.app/Contents/Eclipse/plugins/com.st.stm32cube.ide.mcu.externaltools.gnu-tools-for-stm32.10.3-2021.10.macos64_1.0.100.202210260954/tools/bin/../lib/gcc/arm-none-eabi/10.3.1/thumb/v7e-m+fp/hard/libgcc.a
LOAD /Applications/STM32CubeIDE.app/Contents/Eclipse/plugins/com.st.stm32cube.ide.mcu.externaltools.gnu-tools-for-stm32.10.3-2021.10.macos64_1.0.100.202210260954/tools/bin/../lib/gcc/arm-none-eabi/10.3.1/../../../../arm-none-eabi/lib/thumb/v7e-m+fp/hard/libc_nano.a
END GROUP
START GROUP
LOAD /Applications/STM32CubeIDE.app/Contents/Eclipse/plugins/com.st.stm32cube.ide.mcu.externaltools.gnu-tools-for-stm32.10.3-2021.10.macos64_1.0.100.202210260954/tools/bin/../lib/gcc/arm-none-eabi/10.3.1/thumb/v7e-m+fp/hard/libgcc.a
LOAD /Applications/STM32CubeIDE.app/Contents/Eclipse/plugins/com.st.stm32cube.ide.mcu.externaltools.gnu-tools-for-stm32.10.3-2021.10.macos64_1.0.100.202210260954/tools/bin/../lib/gcc/arm-none-eabi/10.3.1/../../../../arm-none-eabi/lib/thumb/v7e-m+fp/hard/libc_nano.a
LOAD /Applications/STM32CubeIDE.app/Contents/Eclipse/plugins/com.st.stm32cube.ide.mcu.externaltools.gnu-tools-for-stm32.10.3-2021.10.macos64_1.0.100.202210260954/tools/bin/../lib/gcc/arm-none-eabi/10.3.1/../../../../arm-none-eabi/lib/thumb/v7e-m+fp/hard/libnosys.a
END GROUP
START GROUP
LOAD /Applications/STM32CubeIDE.app/Contents/Eclipse/plugins/com.st.stm32cube.ide.mcu.externaltools.gnu-tools-for-stm32.10.3-2021.10.macos64_1.0.100.202210260954/tools/bin/../lib/gcc/arm-none-eabi/10.3.1/thumb/v7e-m+fp/hard/libgcc.a
LOAD /Applications/STM32CubeIDE.app/Contents/Eclipse/plugins/com.st.stm32cube.ide.mcu.externaltools.gnu-tools-for-stm32.10.3-2021.10.macos64_1.0.100.202210260954/tools/bin/../lib/gcc/arm-none-eabi/10.3.1/../../../../arm-none-eabi/lib/thumb/v7e-m+fp/hard/libc_nano.a
LOAD /Applications/STM32CubeIDE.app/Contents/Eclipse/plugins/com.st.stm32cube.ide.mcu.externaltools.gnu-tools-for-stm32.10.3-2021.10.macos64_1.0.100.202210260954/tools/bin/../lib/gcc/arm-none-eabi/10.3.1/../../../../arm-none-eabi/lib/thumb/v7e-m+fp/hard/libnosys.a
END GROUP
LOAD /Applications/STM32CubeIDE.app/Contents/Eclipse/plugins/com.st.stm32cube.ide.mcu.externaltools.gnu-tools-for-stm32.10.3-2021.10.macos64_1.0.100.202210260954/tools/bin/../lib/gcc/arm-none-eabi/10.3.1/thumb/v7e-m+fp/hard/crtend.o
LOAD /Applications/STM32CubeIDE.app/Contents/Eclipse/plugins/com.st.stm32cube.ide.mcu.externaltools.gnu-tools-for-stm32.10.3-2021.10.macos64_1.0.100.202210260954/tools/bin/../lib/gcc/arm-none-eabi/10.3.1/thumb/v7e-m+fp/hard/crtn.o
                0x0000000020020000                _estack = (ORIGIN (RAM) + LENGTH (RAM))
                0x0000000000000200                _Min_Heap_Size = 0x200
                0x0000000000000400                _Min_Stack_Size = 0x400

.isr_vector     0x0000000008000000      0x198
                0x0000000008000000                . = ALIGN (0x4)
 *(.isr_vector)
 .isr_vector    0x0000000008000000      0x198 ./Startup/startup_stm32f411retx.o
                0x0000000008000000                g_pfnVectors
                0x0000000008000198                . = ALIGN (0x4)

.text           0x00000000080001a0     0x1680
                0x00000000080001a0                . = ALIGN (0x4)
 *(.text)
 .text          0x00000000080001a0       0x40 /Applications/STM32CubeIDE.app/Contents/Eclipse/plugins/com.st.stm32cube.ide.mcu.externaltools.gnu-tools-for-stm32.10.3-2021.10.macos64_1.0.100.202210260954/tools/bin/../lib/gcc/arm-none-eabi/10.3.1/thumb/v7e-m+fp/hard/crtbegin.o
 .text          0x00000000080001e0       0xa0 /Applications/STM32CubeIDE.app/Contents/Eclipse/plugins/com.st.stm32cube.ide.mcu.externaltools.gnu-tools-for-stm32.10.3-2021.10.macos64_1.0.100.202210260954/tools/bin/../lib/gcc/arm-none-eabi/10.3.1/../../../../arm-none-eabi/lib/thumb/v7e-m+fp/hard/libc_nano.a(lib_a-memchr.o)
                0x00000000080001e0                memchr
 *(.text*)
 .text.delay    0x0000000008000280       0x54 ./Src/delay.o
                0x0000000008000280                delay
 .text.main     0x00000000080002d4      0x2d4 ./Src/main.o
                0x00000000080002d4                main
 .text.SSD1306_WRITECOMMAND
                0x00000000080005a8       0x28 ./Src/oled.o
                0x00000000080005a8                SSD1306_WRITECOMMAND
 .text.SSD1306_Write_Multi_Data
                0x00000000080005d0       0x2a ./Src/oled.o
                0x00000000080005d0                SSD1306_Write_Multi_Data
 .text.SSD1306_ScrollRight
                0x00000000080005fa       0x4c ./Src/oled.o
                0x00000000080005fa                SSD1306_ScrollRight
 .text.SSD1306_ScrollLeft
                0x0000000008000646       0x4c ./Src/oled.o
                0x0000000008000646                SSD1306_ScrollLeft
 .text.SSD1306_Scrolldiagright
                0x0000000008000692       0x58 ./Src/oled.o
                0x0000000008000692                SSD1306_Scrolldiagright
 .text.SSD1306_Scrolldiagleft
                0x00000000080006ea       0x58 ./Src/oled.o
                0x00000000080006ea                SSD1306_Scrolldiagleft
 .text.SSD1306_Stopscroll
                0x0000000008000742        0xe ./Src/oled.o
                0x0000000008000742                SSD1306_Stopscroll
 .text.SSD1306_InvertDisplay
                0x0000000008000750       0x24 ./Src/oled.o
                0x0000000008000750                SSD1306_InvertDisplay
 .text.SSD1306_DrawBitmap
                0x0000000008000774       0xd0 ./Src/oled.o
                0x0000000008000774                SSD1306_DrawBitmap
 .text.SSD1306_Init
                0x0000000008000844       0xfc ./Src/oled.o
                0x0000000008000844                SSD1306_Init
 .text.SSD1306_UpdateScreen
                0x0000000008000940       0x50 ./Src/oled.o
                0x0000000008000940                SSD1306_UpdateScreen
 .text.SSD1306_Fill
                0x0000000008000990       0x30 ./Src/oled.o
                0x0000000008000990                SSD1306_Fill
 .text.SSD1306_DrawPixel
                0x00000000080009c0       0xc0 ./Src/oled.o
                0x00000000080009c0                SSD1306_DrawPixel
 .text.SSD1306_GotoXY
                0x0000000008000a80       0x2c ./Src/oled.o
                0x0000000008000a80                SSD1306_GotoXY
 .text.SSD1306_Putc
                0x0000000008000aac      0x100 ./Src/oled.o
                0x0000000008000aac                SSD1306_Putc
 .text.SSD1306_Puts
                0x0000000008000bac       0x4a ./Src/oled.o
                0x0000000008000bac                SSD1306_Puts
 .text.SSD1306_Clear
                0x0000000008000bf6       0x12 ./Src/oled.o
                0x0000000008000bf6                SSD1306_Clear
 .text.OLED_SPI_Pins_Init
                0x0000000008000c08       0x64 ./Src/spi.o
                0x0000000008000c08                OLED_SPI_Pins_Init
 .text.OLED_SPI_Configure
                0x0000000008000c6c       0x9c ./Src/spi.o
                0x0000000008000c6c                OLED_SPI_Configure
 .text.OLED_SPI_Write
                0x0000000008000d08       0x6c ./Src/spi.o
                0x0000000008000d08                OLED_SPI_Write
 .text.OLED_Select
                0x0000000008000d74       0x1c ./Src/spi.o
                0x0000000008000d74                OLED_Select
 .text.OLED_Deselect
                0x0000000008000d90       0x1c ./Src/spi.o
                0x0000000008000d90                OLED_Deselect
 .text.OLED_DataMode
                0x0000000008000dac       0x1c ./Src/spi.o
                0x0000000008000dac                OLED_DataMode
 .text.OLED_CommMode
                0x0000000008000dc8       0x1c ./Src/spi.o
                0x0000000008000dc8                OLED_CommMode
 .text.SystemInit
                0x0000000008000de4       0x24 ./Src/sys_init.o
                0x0000000008000de4                SystemInit
 .text._sbrk    0x0000000008000e08       0x6c ./Src/sysmem.o
                0x0000000008000e08                _sbrk
 .text.Reset_Handler
                0x0000000008000e74       0x50 ./Startup/startup_stm32f411retx.o
                0x0000000008000e74                Reset_Handler
 .text.Default_Handler
                0x0000000008000ec4        0x2 ./Startup/startup_stm32f411retx.o
                0x0000000008000ec4                DMA1_Stream3_IRQHandler
                0x0000000008000ec4                EXTI2_IRQHandler
                0x0000000008000ec4                DebugMon_Handler
                0x0000000008000ec4                SPI4_IRQHandler
                0x0000000008000ec4                TIM1_CC_IRQHandler
                0x0000000008000ec4                DMA2_Stream5_IRQHandler
                0x0000000008000ec4                HardFault_Handler
                0x0000000008000ec4                DMA1_Stream5_IRQHandler
                0x0000000008000ec4                SysTick_Handler
                0x0000000008000ec4                PVD_IRQHandler
                0x0000000008000ec4                SDIO_IRQHandler
                0x0000000008000ec4                TAMP_STAMP_IRQHandler
                0x0000000008000ec4                PendSV_Handler
                0x0000000008000ec4                NMI_Handler
                0x0000000008000ec4                EXTI3_IRQHandler
                0x0000000008000ec4                TIM1_UP_TIM10_IRQHandler
                0x0000000008000ec4                I2C3_ER_IRQHandler
                0x0000000008000ec4                EXTI0_IRQHandler
                0x0000000008000ec4                I2C2_EV_IRQHandler
                0x0000000008000ec4                DMA1_Stream2_IRQHandler
                0x0000000008000ec4                FPU_IRQHandler
                0x0000000008000ec4                UsageFault_Handler
                0x0000000008000ec4                DMA2_Stream2_IRQHandler
                0x0000000008000ec4                SPI1_IRQHandler
                0x0000000008000ec4                TIM1_BRK_TIM9_IRQHandler
                0x0000000008000ec4                DMA2_Stream3_IRQHandler
                0x0000000008000ec4                USART6_IRQHandler
                0x0000000008000ec4                DMA2_Stream0_IRQHandler
                0x0000000008000ec4                TIM4_IRQHandler
                0x0000000008000ec4                I2C1_EV_IRQHandler
                0x0000000008000ec4                DMA1_Stream6_IRQHandler
                0x0000000008000ec4                DMA1_Stream1_IRQHandler
                0x0000000008000ec4                TIM3_IRQHandler
                0x0000000008000ec4                RCC_IRQHandler
                0x0000000008000ec4                Default_Handler
                0x0000000008000ec4                EXTI15_10_IRQHandler
                0x0000000008000ec4                ADC_IRQHandler
                0x0000000008000ec4                DMA1_Stream7_IRQHandler
                0x0000000008000ec4                SPI5_IRQHandler
                0x0000000008000ec4                TIM5_IRQHandler
                0x0000000008000ec4                DMA2_Stream7_IRQHandler
                0x0000000008000ec4                I2C3_EV_IRQHandler
                0x0000000008000ec4                EXTI9_5_IRQHandler
                0x0000000008000ec4                RTC_WKUP_IRQHandler
                0x0000000008000ec4                SPI2_IRQHandler
                0x0000000008000ec4                MemManage_Handler
                0x0000000008000ec4                DMA1_Stream0_IRQHandler
                0x0000000008000ec4                SVC_Handler
                0x0000000008000ec4                EXTI4_IRQHandler
                0x0000000008000ec4                WWDG_IRQHandler
                0x0000000008000ec4                TIM2_IRQHandler
                0x0000000008000ec4                OTG_FS_WKUP_IRQHandler
                0x0000000008000ec4                TIM1_TRG_COM_TIM11_IRQHandler
                0x0000000008000ec4                EXTI1_IRQHandler
                0x0000000008000ec4                USART2_IRQHandler
                0x0000000008000ec4                I2C2_ER_IRQHandler
                0x0000000008000ec4                DMA2_Stream1_IRQHandler
                0x0000000008000ec4                FLASH_IRQHandler
                0x0000000008000ec4                DMA2_Stream4_IRQHandler
                0x0000000008000ec4                BusFault_Handler
                0x0000000008000ec4                USART1_IRQHandler
                0x0000000008000ec4                OTG_FS_IRQHandler
                0x0000000008000ec4                SPI3_IRQHandler
                0x0000000008000ec4                DMA1_Stream4_IRQHandler
                0x0000000008000ec4                I2C1_ER_IRQHandler
                0x0000000008000ec4                DMA2_Stream6_IRQHandler
                0x0000000008000ec4                RTC_Alarm_IRQHandler
 *fill*         0x0000000008000ec6        0x2 
 .text.__errno  0x0000000008000ec8        0xc /Applications/STM32CubeIDE.app/Contents/Eclipse/plugins/com.st.stm32cube.ide.mcu.externaltools.gnu-tools-for-stm32.10.3-2021.10.macos64_1.0.100.202210260954/tools/bin/../lib/gcc/arm-none-eabi/10.3.1/../../../../arm-none-eabi/lib/thumb/v7e-m+fp/hard/libc_nano.a(lib_a-errno.o)
                0x0000000008000ec8                __errno
 .text.__libc_init_array
                0x0000000008000ed4       0x48 /Applications/STM32CubeIDE.app/Contents/Eclipse/plugins/com.st.stm32cube.ide.mcu.externaltools.gnu-tools-for-stm32.10.3-2021.10.macos64_1.0.100.202210260954/tools/bin/../lib/gcc/arm-none-eabi/10.3.1/../../../../arm-none-eabi/lib/thumb/v7e-m+fp/hard/libc_nano.a(lib_a-init.o)
                0x0000000008000ed4                __libc_init_array
 .text.memset   0x0000000008000f1c       0x10 /Applications/STM32CubeIDE.app/Contents/Eclipse/plugins/com.st.stm32cube.ide.mcu.externaltools.gnu-tools-for-stm32.10.3-2021.10.macos64_1.0.100.202210260954/tools/bin/../lib/gcc/arm-none-eabi/10.3.1/../../../../arm-none-eabi/lib/thumb/v7e-m+fp/hard/libc_nano.a(lib_a-memset.o)
                0x0000000008000f1c                memset
 .text.sprintf  0x0000000008000f2c       0x40 /Applications/STM32CubeIDE.app/Contents/Eclipse/plugins/com.st.stm32cube.ide.mcu.externaltools.gnu-tools-for-stm32.10.3-2021.10.macos64_1.0.100.202210260954/tools/bin/../lib/gcc/arm-none-eabi/10.3.1/../../../../arm-none-eabi/lib/thumb/v7e-m+fp/hard/libc_nano.a(lib_a-sprintf.o)
                0x0000000008000f2c                sprintf
                0x0000000008000f2c                siprintf
 .text.__retarget_lock_acquire_recursive
                0x0000000008000f6c        0x2 /Applications/STM32CubeIDE.app/Contents/Eclipse/plugins/com.st.stm32cube.ide.mcu.externaltools.gnu-tools-for-stm32.10.3-2021.10.macos64_1.0.100.202210260954/tools/bin/../lib/gcc/arm-none-eabi/10.3.1/../../../../arm-none-eabi/lib/thumb/v7e-m+fp/hard/libc_nano.a(lib_a-lock.o)
                0x0000000008000f6c                __retarget_lock_acquire_recursive
 .text.__retarget_lock_release_recursive
                0x0000000008000f6e        0x2 /Applications/STM32CubeIDE.app/Contents/Eclipse/plugins/com.st.stm32cube.ide.mcu.externaltools.gnu-tools-for-stm32.10.3-2021.10.macos64_1.0.100.202210260954/tools/bin/../lib/gcc/arm-none-eabi/10.3.1/../../../../arm-none-eabi/lib/thumb/v7e-m+fp/hard/libc_nano.a(lib_a-lock.o)
                0x0000000008000f6e                __retarget_lock_release_recursive
 .text.sbrk_aligned
                0x0000000008000f70       0x40 /Applications/STM32CubeIDE.app/Contents/Eclipse/plugins/com.st.stm32cube.ide.mcu.externaltools.gnu-tools-for-stm32.10.3-2021.10.macos64_1.0.100.202210260954/tools/bin/../lib/gcc/arm-none-eabi/10.3.1/../../../../arm-none-eabi/lib/thumb/v7e-m+fp/hard/libc_nano.a(lib_a-nano-mallocr.o)
 .text._malloc_r
                0x0000000008000fb0       0xe8 /Applications/STM32CubeIDE.app/Contents/Eclipse/plugins/com.st.stm32cube.ide.mcu.externaltools.gnu-tools-for-stm32.10.3-2021.10.macos64_1.0.100.202210260954/tools/bin/../lib/gcc/arm-none-eabi/10.3.1/../../../../arm-none-eabi/lib/thumb/v7e-m+fp/hard/libc_nano.a(lib_a-nano-mallocr.o)
                0x0000000008000fb0                _malloc_r
 .text.__ssputs_r
                0x0000000008001098       0xb6 /Applications/STM32CubeIDE.app/Contents/Eclipse/plugins/com.st.stm32cube.ide.mcu.externaltools.gnu-tools-for-stm32.10.3-2021.10.macos64_1.0.100.202210260954/tools/bin/../lib/gcc/arm-none-eabi/10.3.1/../../../../arm-none-eabi/lib/thumb/v7e-m+fp/hard/libc_nano.a(lib_a-nano-svfprintf.o)
                0x0000000008001098                __ssputs_r
 *fill*         0x000000000800114e        0x2 
 .text._svfprintf_r
                0x0000000008001150      0x200 /Applications/STM32CubeIDE.app/Contents/Eclipse/plugins/com.st.stm32cube.ide.mcu.externaltools.gnu-tools-for-stm32.10.3-2021.10.macos64_1.0.100.202210260954/tools/bin/../lib/gcc/arm-none-eabi/10.3.1/../../../../arm-none-eabi/lib/thumb/v7e-m+fp/hard/libc_nano.a(lib_a-nano-svfprintf.o)
                0x0000000008001150                _svfprintf_r
                0x0000000008001150                _svfiprintf_r
 .text._printf_common
                0x0000000008001350       0xda /Applications/STM32CubeIDE.app/Contents/Eclipse/plugins/com.st.stm32cube.ide.mcu.externaltools.gnu-tools-for-stm32.10.3-2021.10.macos64_1.0.100.202210260954/tools/bin/../lib/gcc/arm-none-eabi/10.3.1/../../../../arm-none-eabi/lib/thumb/v7e-m+fp/hard/libc_nano.a(lib_a-nano-vfprintf_i.o)
                0x0000000008001350                _printf_common
 *fill*         0x000000000800142a        0x2 
 .text._printf_i
                0x000000000800142c      0x24c /Applications/STM32CubeIDE.app/Contents/Eclipse/plugins/com.st.stm32cube.ide.mcu.externaltools.gnu-tools-for-stm32.10.3-2021.10.macos64_1.0.100.202210260954/tools/bin/../lib/gcc/arm-none-eabi/10.3.1/../../../../arm-none-eabi/lib/thumb/v7e-m+fp/hard/libc_nano.a(lib_a-nano-vfprintf_i.o)
                0x000000000800142c                _printf_i
 .text._sbrk_r  0x0000000008001678       0x20 /Applications/STM32CubeIDE.app/Contents/Eclipse/plugins/com.st.stm32cube.ide.mcu.externaltools.gnu-tools-for-stm32.10.3-2021.10.macos64_1.0.100.202210260954/tools/bin/../lib/gcc/arm-none-eabi/10.3.1/../../../../arm-none-eabi/lib/thumb/v7e-m+fp/hard/libc_nano.a(lib_a-sbrkr.o)
                0x0000000008001678                _sbrk_r
 .text.memcpy   0x0000000008001698       0x1c /Applications/STM32CubeIDE.app/Contents/Eclipse/plugins/com.st.stm32cube.ide.mcu.externaltools.gnu-tools-for-stm32.10.3-2021.10.macos64_1.0.100.202210260954/tools/bin/../lib/gcc/arm-none-eabi/10.3.1/../../../../arm-none-eabi/lib/thumb/v7e-m+fp/hard/libc_nano.a(lib_a-memcpy-stub.o)
                0x0000000008001698                memcpy
 .text.memmove  0x00000000080016b4       0x34 /Applications/STM32CubeIDE.app/Contents/Eclipse/plugins/com.st.stm32cube.ide.mcu.externaltools.gnu-tools-for-stm32.10.3-2021.10.macos64_1.0.100.202210260954/tools/bin/../lib/gcc/arm-none-eabi/10.3.1/../../../../arm-none-eabi/lib/thumb/v7e-m+fp/hard/libc_nano.a(lib_a-memmove.o)
                0x00000000080016b4                memmove
 .text.__malloc_lock
                0x00000000080016e8        0xc /Applications/STM32CubeIDE.app/Contents/Eclipse/plugins/com.st.stm32cube.ide.mcu.externaltools.gnu-tools-for-stm32.10.3-2021.10.macos64_1.0.100.202210260954/tools/bin/../lib/gcc/arm-none-eabi/10.3.1/../../../../arm-none-eabi/lib/thumb/v7e-m+fp/hard/libc_nano.a(lib_a-mlock.o)
                0x00000000080016e8                __malloc_lock
 .text.__malloc_unlock
                0x00000000080016f4        0xc /Applications/STM32CubeIDE.app/Contents/Eclipse/plugins/com.st.stm32cube.ide.mcu.externaltools.gnu-tools-for-stm32.10.3-2021.10.macos64_1.0.100.202210260954/tools/bin/../lib/gcc/arm-none-eabi/10.3.1/../../../../arm-none-eabi/lib/thumb/v7e-m+fp/hard/libc_nano.a(lib_a-mlock.o)
                0x00000000080016f4                __malloc_unlock
 .text._free_r  0x0000000008001700       0x98 /Applications/STM32CubeIDE.app/Contents/Eclipse/plugins/com.st.stm32cube.ide.mcu.externaltools.gnu-tools-for-stm32.10.3-2021.10.macos64_1.0.100.202210260954/tools/bin/../lib/gcc/arm-none-eabi/10.3.1/../../../../arm-none-eabi/lib/thumb/v7e-m+fp/hard/libc_nano.a(lib_a-nano-freer.o)
                0x0000000008001700                _free_r
 .text._realloc_r
                0x0000000008001798       0x5e /Applications/STM32CubeIDE.app/Contents/Eclipse/plugins/com.st.stm32cube.ide.mcu.externaltools.gnu-tools-for-stm32.10.3-2021.10.macos64_1.0.100.202210260954/tools/bin/../lib/gcc/arm-none-eabi/10.3.1/../../../../arm-none-eabi/lib/thumb/v7e-m+fp/hard/libc_nano.a(lib_a-nano-reallocr.o)
                0x0000000008001798                _realloc_r
 .text._malloc_usable_size_r
                0x00000000080017f6       0x10 /Applications/STM32CubeIDE.app/Contents/Eclipse/plugins/com.st.stm32cube.ide.mcu.externaltools.gnu-tools-for-stm32.10.3-2021.10.macos64_1.0.100.202210260954/tools/bin/../lib/gcc/arm-none-eabi/10.3.1/../../../../arm-none-eabi/lib/thumb/v7e-m+fp/hard/libc_nano.a(lib_a-nano-msizer.o)
                0x00000000080017f6                _malloc_usable_size_r
 *(.glue_7)
 .glue_7        0x0000000008001806        0x0 linker stubs
 *(.glue_7t)
 .glue_7t       0x0000000008001806        0x0 linker stubs
 *(.eh_frame)
 *fill*         0x0000000008001806        0x2 
 .eh_frame      0x0000000008001808        0x0 /Applications/STM32CubeIDE.app/Contents/Eclipse/plugins/com.st.stm32cube.ide.mcu.externaltools.gnu-tools-for-stm32.10.3-2021.10.macos64_1.0.100.202210260954/tools/bin/../lib/gcc/arm-none-eabi/10.3.1/thumb/v7e-m+fp/hard/crtbegin.o
 *(.init)
 .init          0x0000000008001808        0x4 /Applications/STM32CubeIDE.app/Contents/Eclipse/plugins/com.st.stm32cube.ide.mcu.externaltools.gnu-tools-for-stm32.10.3-2021.10.macos64_1.0.100.202210260954/tools/bin/../lib/gcc/arm-none-eabi/10.3.1/thumb/v7e-m+fp/hard/crti.o
                0x0000000008001808                _init
 .init          0x000000000800180c        0x8 /Applications/STM32CubeIDE.app/Contents/Eclipse/plugins/com.st.stm32cube.ide.mcu.externaltools.gnu-tools-for-stm32.10.3-2021.10.macos64_1.0.100.202210260954/tools/bin/../lib/gcc/arm-none-eabi/10.3.1/thumb/v7e-m+fp/hard/crtn.o
 *(.fini)
 .fini          0x0000000008001814        0x4 /Applications/STM32CubeIDE.app/Contents/Eclipse/plugins/com.st.stm32cube.ide.mcu.externaltools.gnu-tools-for-stm32.10.3-2021.10.macos64_1.0.100.202210260954/tools/bin/../lib/gcc/arm-none-eabi/10.3.1/thumb/v7e-m+fp/hard/crti.o
                0x0000000008001814                _fini
 .fini          0x0000000008001818        0x8 /Applications/STM32CubeIDE.app/Contents/Eclipse/plugins/com.st.stm32cube.ide.mcu.externaltools.gnu-tools-for-stm32.10.3-2021.10.macos64_1.0.100.202210260954/tools/bin/../lib/gcc/arm-none-eabi/10.3.1/thumb/v7e-m+fp/hard/crtn.o
                0x0000000008001820                . = ALIGN (0x4)
                0x0000000008001820                _etext = .

.vfp11_veneer   0x0000000008001820        0x0
 .vfp11_veneer  0x0000000008001820        0x0 linker stubs

.v4_bx          0x0000000008001820        0x0
 .v4_bx         0x0000000008001820        0x0 linker stubs

.iplt           0x0000000008001820        0x0
 .iplt          0x0000000008001820        0x0 /Applications/STM32CubeIDE.app/Contents/Eclipse/plugins/com.st.stm32cube.ide.mcu.externaltools.gnu-tools-for-stm32.10.3-2021.10.macos64_1.0.100.202210260954/tools/bin/../lib/gcc/arm-none-eabi/10.3.1/thumb/v7e-m+fp/hard/crtbegin.o

.rodata         0x0000000008001820     0x3048
                0x0000000008001820                . = ALIGN (0x4)
 *(.rodata)
 .rodata        0x0000000008001820       0x47 ./Src/main.o
 *(.rodata*)
 *fill*         0x0000000008001867        0x1 
 .rodata.Font7x10
                0x0000000008001868      0x76c ./Src/fonts.o
                0x0000000008001868                Font7x10
 .rodata.horse1
                0x0000000008001fd4      0x400 ./Src/main.o
                0x0000000008001fd4                horse1
 .rodata.horse2
                0x00000000080023d4      0x400 ./Src/main.o
                0x00000000080023d4                horse2
 .rodata.horse3
                0x00000000080027d4      0x400 ./Src/main.o
                0x00000000080027d4                horse3
 .rodata.horse4
                0x0000000008002bd4      0x400 ./Src/main.o
                0x0000000008002bd4                horse4
 .rodata.horse5
                0x0000000008002fd4      0x400 ./Src/main.o
                0x0000000008002fd4                horse5
 .rodata.horse6
                0x00000000080033d4      0x400 ./Src/main.o
                0x00000000080033d4                horse6
 .rodata.horse7
                0x00000000080037d4      0x400 ./Src/main.o
                0x00000000080037d4                horse7
 .rodata.horse8
                0x0000000008003bd4      0x400 ./Src/main.o
                0x0000000008003bd4                horse8
 .rodata.horse9
                0x0000000008003fd4      0x400 ./Src/main.o
                0x0000000008003fd4                horse9
 .rodata.horse10
                0x00000000080043d4      0x400 ./Src/main.o
                0x00000000080043d4                horse10
 .rodata.__sf_fake_stderr
                0x00000000080047d4       0x20 /Applications/STM32CubeIDE.app/Contents/Eclipse/plugins/com.st.stm32cube.ide.mcu.externaltools.gnu-tools-for-stm32.10.3-2021.10.macos64_1.0.100.202210260954/tools/bin/../lib/gcc/arm-none-eabi/10.3.1/../../../../arm-none-eabi/lib/thumb/v7e-m+fp/hard/libc_nano.a(lib_a-findfp.o)
                0x00000000080047d4                __sf_fake_stderr
 .rodata.__sf_fake_stdin
                0x00000000080047f4       0x20 /Applications/STM32CubeIDE.app/Contents/Eclipse/plugins/com.st.stm32cube.ide.mcu.externaltools.gnu-tools-for-stm32.10.3-2021.10.macos64_1.0.100.202210260954/tools/bin/../lib/gcc/arm-none-eabi/10.3.1/../../../../arm-none-eabi/lib/thumb/v7e-m+fp/hard/libc_nano.a(lib_a-findfp.o)
                0x00000000080047f4                __sf_fake_stdin
 .rodata.__sf_fake_stdout
                0x0000000008004814       0x20 /Applications/STM32CubeIDE.app/Contents/Eclipse/plugins/com.st.stm32cube.ide.mcu.externaltools.gnu-tools-for-stm32.10.3-2021.10.macos64_1.0.100.202210260954/tools/bin/../lib/gcc/arm-none-eabi/10.3.1/../../../../arm-none-eabi/lib/thumb/v7e-m+fp/hard/libc_nano.a(lib_a-findfp.o)
                0x0000000008004814                __sf_fake_stdout
 .rodata._svfprintf_r.str1.1
                0x0000000008004834       0x11 /Applications/STM32CubeIDE.app/Contents/Eclipse/plugins/com.st.stm32cube.ide.mcu.externaltools.gnu-tools-for-stm32.10.3-2021.10.macos64_1.0.100.202210260954/tools/bin/../lib/gcc/arm-none-eabi/10.3.1/../../../../arm-none-eabi/lib/thumb/v7e-m+fp/hard/libc_nano.a(lib_a-nano-svfprintf.o)
 .rodata._printf_i.str1.1
                0x0000000008004845       0x22 /Applications/STM32CubeIDE.app/Contents/Eclipse/plugins/com.st.stm32cube.ide.mcu.externaltools.gnu-tools-for-stm32.10.3-2021.10.macos64_1.0.100.202210260954/tools/bin/../lib/gcc/arm-none-eabi/10.3.1/../../../../arm-none-eabi/lib/thumb/v7e-m+fp/hard/libc_nano.a(lib_a-nano-vfprintf_i.o)
                0x0000000008004868                . = ALIGN (0x4)
 *fill*         0x0000000008004867        0x1 

.rel.dyn        0x0000000008004868        0x0
 .rel.iplt      0x0000000008004868        0x0 /Applications/STM32CubeIDE.app/Contents/Eclipse/plugins/com.st.stm32cube.ide.mcu.externaltools.gnu-tools-for-stm32.10.3-2021.10.macos64_1.0.100.202210260954/tools/bin/../lib/gcc/arm-none-eabi/10.3.1/thumb/v7e-m+fp/hard/crtbegin.o

.ARM.extab      0x0000000008004868        0x0
                0x0000000008004868                . = ALIGN (0x4)
 *(.ARM.extab* .gnu.linkonce.armextab.*)
                0x0000000008004868                . = ALIGN (0x4)

.ARM            0x0000000008004868        0x0
                0x0000000008004868                . = ALIGN (0x4)
                0x0000000008004868                __exidx_start = .
 *(.ARM.exidx*)
                0x0000000008004868                __exidx_end = .
                0x0000000008004868                . = ALIGN (0x4)

.preinit_array  0x0000000008004868        0x0
                0x0000000008004868                . = ALIGN (0x4)
                0x0000000008004868                PROVIDE (__preinit_array_start = .)
 *(.preinit_array*)
                0x0000000008004868                PROVIDE (__preinit_array_end = .)
                0x0000000008004868                . = ALIGN (0x4)

.init_array     0x0000000008004868        0x4
                0x0000000008004868                . = ALIGN (0x4)
                0x0000000008004868                PROVIDE (__init_array_start = .)
 *(SORT_BY_NAME(.init_array.*))
 *(.init_array*)
 .init_array    0x0000000008004868        0x4 /Applications/STM32CubeIDE.app/Contents/Eclipse/plugins/com.st.stm32cube.ide.mcu.externaltools.gnu-tools-for-stm32.10.3-2021.10.macos64_1.0.100.202210260954/tools/bin/../lib/gcc/arm-none-eabi/10.3.1/thumb/v7e-m+fp/hard/crtbegin.o
                0x000000000800486c                PROVIDE (__init_array_end = .)
                0x000000000800486c                . = ALIGN (0x4)

.fini_array     0x000000000800486c        0x4
                0x000000000800486c                . = ALIGN (0x4)
                [!provide]                        PROVIDE (__fini_array_start = .)
 *(SORT_BY_NAME(.fini_array.*))
 *(.fini_array*)
 .fini_array    0x000000000800486c        0x4 /Applications/STM32CubeIDE.app/Contents/Eclipse/plugins/com.st.stm32cube.ide.mcu.externaltools.gnu-tools-for-stm32.10.3-2021.10.macos64_1.0.100.202210260954/tools/bin/../lib/gcc/arm-none-eabi/10.3.1/thumb/v7e-m+fp/hard/crtbegin.o
                [!provide]                        PROVIDE (__fini_array_end = .)
                0x0000000008004870                . = ALIGN (0x4)
                0x0000000008004870                _sidata = LOADADDR (.data)

.data           0x0000000020000000       0x6c load address 0x0000000008004870
                0x0000000020000000                . = ALIGN (0x4)
                0x0000000020000000                _sdata = .
 *(.data)
 *(.data*)
 .data.Font_7x10
                0x0000000020000000        0x8 ./Src/fonts.o
                0x0000000020000000                Font_7x10
 .data._impure_ptr
                0x0000000020000008        0x4 /Applications/STM32CubeIDE.app/Contents/Eclipse/plugins/com.st.stm32cube.ide.mcu.externaltools.gnu-tools-for-stm32.10.3-2021.10.macos64_1.0.100.202210260954/tools/bin/../lib/gcc/arm-none-eabi/10.3.1/../../../../arm-none-eabi/lib/thumb/v7e-m+fp/hard/libc_nano.a(lib_a-impure.o)
                0x0000000020000008                _impure_ptr
 .data.impure_data
                0x000000002000000c       0x60 /Applications/STM32CubeIDE.app/Contents/Eclipse/plugins/com.st.stm32cube.ide.mcu.externaltools.gnu-tools-for-stm32.10.3-2021.10.macos64_1.0.100.202210260954/tools/bin/../lib/gcc/arm-none-eabi/10.3.1/../../../../arm-none-eabi/lib/thumb/v7e-m+fp/hard/libc_nano.a(lib_a-impure.o)
 *(.RamFunc)
 *(.RamFunc*)
                0x000000002000006c                . = ALIGN (0x4)
                0x000000002000006c                _edata = .

.igot.plt       0x000000002000006c        0x0 load address 0x00000000080048dc
 .igot.plt      0x000000002000006c        0x0 /Applications/STM32CubeIDE.app/Contents/Eclipse/plugins/com.st.stm32cube.ide.mcu.externaltools.gnu-tools-for-stm32.10.3-2021.10.macos64_1.0.100.202210260954/tools/bin/../lib/gcc/arm-none-eabi/10.3.1/thumb/v7e-m+fp/hard/crtbegin.o
                0x000000002000006c                . = ALIGN (0x4)

.bss            0x000000002000006c      0x444 load address 0x00000000080048dc
                0x000000002000006c                _sbss = .
                0x000000002000006c                __bss_start__ = _sbss
 *(.bss)
 .bss           0x000000002000006c       0x1c /Applications/STM32CubeIDE.app/Contents/Eclipse/plugins/com.st.stm32cube.ide.mcu.externaltools.gnu-tools-for-stm32.10.3-2021.10.macos64_1.0.100.202210260954/tools/bin/../lib/gcc/arm-none-eabi/10.3.1/thumb/v7e-m+fp/hard/crtbegin.o
 *(.bss*)
 .bss.zz        0x0000000020000088        0xa ./Src/main.o
                0x0000000020000088                zz
 *fill*         0x0000000020000092        0x2 
 .bss.SSD1306_Buffer
                0x0000000020000094      0x400 ./Src/oled.o
 .bss.SSD1306   0x0000000020000494        0x6 ./Src/oled.o
 *fill*         0x000000002000049a        0x2 
 .bss.__sbrk_heap_end
                0x000000002000049c        0x4 ./Src/sysmem.o
 .bss.__lock___malloc_recursive_mutex
                0x00000000200004a0        0x1 /Applications/STM32CubeIDE.app/Contents/Eclipse/plugins/com.st.stm32cube.ide.mcu.externaltools.gnu-tools-for-stm32.10.3-2021.10.macos64_1.0.100.202210260954/tools/bin/../lib/gcc/arm-none-eabi/10.3.1/../../../../arm-none-eabi/lib/thumb/v7e-m+fp/hard/libc_nano.a(lib_a-lock.o)
                0x00000000200004a0                __lock___malloc_recursive_mutex
 *fill*         0x00000000200004a1        0x3 
 .bss.__malloc_free_list
                0x00000000200004a4        0x4 /Applications/STM32CubeIDE.app/Contents/Eclipse/plugins/com.st.stm32cube.ide.mcu.externaltools.gnu-tools-for-stm32.10.3-2021.10.macos64_1.0.100.202210260954/tools/bin/../lib/gcc/arm-none-eabi/10.3.1/../../../../arm-none-eabi/lib/thumb/v7e-m+fp/hard/libc_nano.a(lib_a-nano-mallocr.o)
                0x00000000200004a4                __malloc_free_list
 .bss.__malloc_sbrk_start
                0x00000000200004a8        0x4 /Applications/STM32CubeIDE.app/Contents/Eclipse/plugins/com.st.stm32cube.ide.mcu.externaltools.gnu-tools-for-stm32.10.3-2021.10.macos64_1.0.100.202210260954/tools/bin/../lib/gcc/arm-none-eabi/10.3.1/../../../../arm-none-eabi/lib/thumb/v7e-m+fp/hard/libc_nano.a(lib_a-nano-mallocr.o)
                0x00000000200004a8                __malloc_sbrk_start
 .bss.errno     0x00000000200004ac        0x4 /Applications/STM32CubeIDE.app/Contents/Eclipse/plugins/com.st.stm32cube.ide.mcu.externaltools.gnu-tools-for-stm32.10.3-2021.10.macos64_1.0.100.202210260954/tools/bin/../lib/gcc/arm-none-eabi/10.3.1/../../../../arm-none-eabi/lib/thumb/v7e-m+fp/hard/libc_nano.a(lib_a-reent.o)
                0x00000000200004ac                errno
 *(COMMON)
                0x00000000200004b0                . = ALIGN (0x4)
                0x00000000200004b0                _ebss = .
                0x00000000200004b0                __bss_end__ = _ebss

._user_heap_stack
                0x00000000200004b0      0x600 load address 0x00000000080048dc
                0x00000000200004b0                . = ALIGN (0x8)
                [!provide]                        PROVIDE (end = .)
                0x00000000200004b0                PROVIDE (_end = .)
                0x00000000200006b0                . = (. + _Min_Heap_Size)
 *fill*         0x00000000200004b0      0x200 
                0x0000000020000ab0                . = (. + _Min_Stack_Size)
 *fill*         0x00000000200006b0      0x400 
                0x0000000020000ab0                . = ALIGN (0x8)

/DISCARD/
 libc.a(*)
 libm.a(*)
 libgcc.a(*)

.ARM.attributes
                0x0000000000000000       0x30
 *(.ARM.attributes)
 .ARM.attributes
                0x0000000000000000       0x1e /Applications/STM32CubeIDE.app/Contents/Eclipse/plugins/com.st.stm32cube.ide.mcu.externaltools.gnu-tools-for-stm32.10.3-2021.10.macos64_1.0.100.202210260954/tools/bin/../lib/gcc/arm-none-eabi/10.3.1/thumb/v7e-m+fp/hard/crti.o
 .ARM.attributes
                0x000000000000001e       0x34 /Applications/STM32CubeIDE.app/Contents/Eclipse/plugins/com.st.stm32cube.ide.mcu.externaltools.gnu-tools-for-stm32.10.3-2021.10.macos64_1.0.100.202210260954/tools/bin/../lib/gcc/arm-none-eabi/10.3.1/thumb/v7e-m+fp/hard/crtbegin.o
 .ARM.attributes
                0x0000000000000052       0x34 ./Src/delay.o
 .ARM.attributes
                0x0000000000000086       0x34 ./Src/fonts.o
 .ARM.attributes
                0x00000000000000ba       0x34 ./Src/main.o
 .ARM.attributes
                0x00000000000000ee       0x34 ./Src/oled.o
 .ARM.attributes
                0x0000000000000122       0x34 ./Src/spi.o
 .ARM.attributes
                0x0000000000000156       0x34 ./Src/sys_init.o
 .ARM.attributes
                0x000000000000018a       0x34 ./Src/sysmem.o
 .ARM.attributes
                0x00000000000001be       0x21 ./Startup/startup_stm32f411retx.o
 .ARM.attributes
                0x00000000000001df       0x34 /Applications/STM32CubeIDE.app/Contents/Eclipse/plugins/com.st.stm32cube.ide.mcu.externaltools.gnu-tools-for-stm32.10.3-2021.10.macos64_1.0.100.202210260954/tools/bin/../lib/gcc/arm-none-eabi/10.3.1/../../../../arm-none-eabi/lib/thumb/v7e-m+fp/hard/libc_nano.a(lib_a-errno.o)
 .ARM.attributes
                0x0000000000000213       0x34 /Applications/STM32CubeIDE.app/Contents/Eclipse/plugins/com.st.stm32cube.ide.mcu.externaltools.gnu-tools-for-stm32.10.3-2021.10.macos64_1.0.100.202210260954/tools/bin/../lib/gcc/arm-none-eabi/10.3.1/../../../../arm-none-eabi/lib/thumb/v7e-m+fp/hard/libc_nano.a(lib_a-impure.o)
 .ARM.attributes
                0x0000000000000247       0x34 /Applications/STM32CubeIDE.app/Contents/Eclipse/plugins/com.st.stm32cube.ide.mcu.externaltools.gnu-tools-for-stm32.10.3-2021.10.macos64_1.0.100.202210260954/tools/bin/../lib/gcc/arm-none-eabi/10.3.1/../../../../arm-none-eabi/lib/thumb/v7e-m+fp/hard/libc_nano.a(lib_a-init.o)
 .ARM.attributes
                0x000000000000027b       0x34 /Applications/STM32CubeIDE.app/Contents/Eclipse/plugins/com.st.stm32cube.ide.mcu.externaltools.gnu-tools-for-stm32.10.3-2021.10.macos64_1.0.100.202210260954/tools/bin/../lib/gcc/arm-none-eabi/10.3.1/../../../../arm-none-eabi/lib/thumb/v7e-m+fp/hard/libc_nano.a(lib_a-memset.o)
 .ARM.attributes
                0x00000000000002af       0x34 /Applications/STM32CubeIDE.app/Contents/Eclipse/plugins/com.st.stm32cube.ide.mcu.externaltools.gnu-tools-for-stm32.10.3-2021.10.macos64_1.0.100.202210260954/tools/bin/../lib/gcc/arm-none-eabi/10.3.1/../../../../arm-none-eabi/lib/thumb/v7e-m+fp/hard/libc_nano.a(lib_a-sprintf.o)
 .ARM.attributes
                0x00000000000002e3       0x34 /Applications/STM32CubeIDE.app/Contents/Eclipse/plugins/com.st.stm32cube.ide.mcu.externaltools.gnu-tools-for-stm32.10.3-2021.10.macos64_1.0.100.202210260954/tools/bin/../lib/gcc/arm-none-eabi/10.3.1/../../../../arm-none-eabi/lib/thumb/v7e-m+fp/hard/libc_nano.a(lib_a-findfp.o)
 .ARM.attributes
                0x0000000000000317       0x34 /Applications/STM32CubeIDE.app/Contents/Eclipse/plugins/com.st.stm32cube.ide.mcu.externaltools.gnu-tools-for-stm32.10.3-2021.10.macos64_1.0.100.202210260954/tools/bin/../lib/gcc/arm-none-eabi/10.3.1/../../../../arm-none-eabi/lib/thumb/v7e-m+fp/hard/libc_nano.a(lib_a-lock.o)
 .ARM.attributes
                0x000000000000034b       0x34 /Applications/STM32CubeIDE.app/Contents/Eclipse/plugins/com.st.stm32cube.ide.mcu.externaltools.gnu-tools-for-stm32.10.3-2021.10.macos64_1.0.100.202210260954/tools/bin/../lib/gcc/arm-none-eabi/10.3.1/../../../../arm-none-eabi/lib/thumb/v7e-m+fp/hard/libc_nano.a(lib_a-nano-mallocr.o)
 .ARM.attributes
                0x000000000000037f       0x34 /Applications/STM32CubeIDE.app/Contents/Eclipse/plugins/com.st.stm32cube.ide.mcu.externaltools.gnu-tools-for-stm32.10.3-2021.10.macos64_1.0.100.202210260954/tools/bin/../lib/gcc/arm-none-eabi/10.3.1/../../../../arm-none-eabi/lib/thumb/v7e-m+fp/hard/libc_nano.a(lib_a-nano-svfprintf.o)
 .ARM.attributes
                0x00000000000003b3       0x34 /Applications/STM32CubeIDE.app/Contents/Eclipse/plugins/com.st.stm32cube.ide.mcu.externaltools.gnu-tools-for-stm32.10.3-2021.10.macos64_1.0.100.202210260954/tools/bin/../lib/gcc/arm-none-eabi/10.3.1/../../../../arm-none-eabi/lib/thumb/v7e-m+fp/hard/libc_nano.a(lib_a-nano-vfprintf_i.o)
 .ARM.attributes
                0x00000000000003e7       0x34 /Applications/STM32CubeIDE.app/Contents/Eclipse/plugins/com.st.stm32cube.ide.mcu.externaltools.gnu-tools-for-stm32.10.3-2021.10.macos64_1.0.100.202210260954/tools/bin/../lib/gcc/arm-none-eabi/10.3.1/../../../../arm-none-eabi/lib/thumb/v7e-m+fp/hard/libc_nano.a(lib_a-sbrkr.o)
 .ARM.attributes
                0x000000000000041b       0x1c /Applications/STM32CubeIDE.app/Contents/Eclipse/plugins/com.st.stm32cube.ide.mcu.externaltools.gnu-tools-for-stm32.10.3-2021.10.macos64_1.0.100.202210260954/tools/bin/../lib/gcc/arm-none-eabi/10.3.1/../../../../arm-none-eabi/lib/thumb/v7e-m+fp/hard/libc_nano.a(lib_a-memchr.o)
 .ARM.attributes
                0x0000000000000437       0x34 /Applications/STM32CubeIDE.app/Contents/Eclipse/plugins/com.st.stm32cube.ide.mcu.externaltools.gnu-tools-for-stm32.10.3-2021.10.macos64_1.0.100.202210260954/tools/bin/../lib/gcc/arm-none-eabi/10.3.1/../../../../arm-none-eabi/lib/thumb/v7e-m+fp/hard/libc_nano.a(lib_a-memcpy-stub.o)
 .ARM.attributes
                0x000000000000046b       0x34 /Applications/STM32CubeIDE.app/Contents/Eclipse/plugins/com.st.stm32cube.ide.mcu.externaltools.gnu-tools-for-stm32.10.3-2021.10.macos64_1.0.100.202210260954/tools/bin/../lib/gcc/arm-none-eabi/10.3.1/../../../../arm-none-eabi/lib/thumb/v7e-m+fp/hard/libc_nano.a(lib_a-memmove.o)
 .ARM.attributes
                0x000000000000049f       0x34 /Applications/STM32CubeIDE.app/Contents/Eclipse/plugins/com.st.stm32cube.ide.mcu.externaltools.gnu-tools-for-stm32.10.3-2021.10.macos64_1.0.100.202210260954/tools/bin/../lib/gcc/arm-none-eabi/10.3.1/../../../../arm-none-eabi/lib/thumb/v7e-m+fp/hard/libc_nano.a(lib_a-mlock.o)
 .ARM.attributes
                0x00000000000004d3       0x34 /Applications/STM32CubeIDE.app/Contents/Eclipse/plugins/com.st.stm32cube.ide.mcu.externaltools.gnu-tools-for-stm32.10.3-2021.10.macos64_1.0.100.202210260954/tools/bin/../lib/gcc/arm-none-eabi/10.3.1/../../../../arm-none-eabi/lib/thumb/v7e-m+fp/hard/libc_nano.a(lib_a-nano-freer.o)
 .ARM.attributes
                0x0000000000000507       0x34 /Applications/STM32CubeIDE.app/Contents/Eclipse/plugins/com.st.stm32cube.ide.mcu.externaltools.gnu-tools-for-stm32.10.3-2021.10.macos64_1.0.100.202210260954/tools/bin/../lib/gcc/arm-none-eabi/10.3.1/../../../../arm-none-eabi/lib/thumb/v7e-m+fp/hard/libc_nano.a(lib_a-nano-reallocr.o)
 .ARM.attributes
                0x000000000000053b       0x34 /Applications/STM32CubeIDE.app/Contents/Eclipse/plugins/com.st.stm32cube.ide.mcu.externaltools.gnu-tools-for-stm32.10.3-2021.10.macos64_1.0.100.202210260954/tools/bin/../lib/gcc/arm-none-eabi/10.3.1/../../../../arm-none-eabi/lib/thumb/v7e-m+fp/hard/libc_nano.a(lib_a-reent.o)
 .ARM.attributes
                0x000000000000056f       0x34 /Applications/STM32CubeIDE.app/Contents/Eclipse/plugins/com.st.stm32cube.ide.mcu.externaltools.gnu-tools-for-stm32.10.3-2021.10.macos64_1.0.100.202210260954/tools/bin/../lib/gcc/arm-none-eabi/10.3.1/../../../../arm-none-eabi/lib/thumb/v7e-m+fp/hard/libc_nano.a(lib_a-nano-msizer.o)
 .ARM.attributes
                0x00000000000005a3       0x1e /Applications/STM32CubeIDE.app/Contents/Eclipse/plugins/com.st.stm32cube.ide.mcu.externaltools.gnu-tools-for-stm32.10.3-2021.10.macos64_1.0.100.202210260954/tools/bin/../lib/gcc/arm-none-eabi/10.3.1/thumb/v7e-m+fp/hard/crtn.o
OUTPUT(SSD1306OLED_SPI.elf elf32-littlearm)
LOAD linker stubs
LOAD /Applications/STM32CubeIDE.app/Contents/Eclipse/plugins/com.st.stm32cube.ide.mcu.externaltools.gnu-tools-for-stm32.10.3-2021.10.macos64_1.0.100.202210260954/tools/bin/../lib/gcc/arm-none-eabi/10.3.1/../../../../arm-none-eabi/lib/thumb/v7e-m+fp/hard/libc.a
LOAD /Applications/STM32CubeIDE.app/Contents/Eclipse/plugins/com.st.stm32cube.ide.mcu.externaltools.gnu-tools-for-stm32.10.3-2021.10.macos64_1.0.100.202210260954/tools/bin/../lib/gcc/arm-none-eabi/10.3.1/../../../../arm-none-eabi/lib/thumb/v7e-m+fp/hard/libm.a
LOAD /Applications/STM32CubeIDE.app/Contents/Eclipse/plugins/com.st.stm32cube.ide.mcu.externaltools.gnu-tools-for-stm32.10.3-2021.10.macos64_1.0.100.202210260954/tools/bin/../lib/gcc/arm-none-eabi/10.3.1/thumb/v7e-m+fp/hard/libgcc.a

.debug_info     0x0000000000000000     0x1bac
 .debug_info    0x0000000000000000      0x156 ./Src/delay.o
 .debug_info    0x0000000000000156      0x27a ./Src/fonts.o
 .debug_info    0x00000000000003d0      0x3b6 ./Src/main.o
 .debug_info    0x0000000000000786      0xb8b ./Src/oled.o
 .debug_info    0x0000000000001311      0x496 ./Src/spi.o
 .debug_info    0x00000000000017a7      0x272 ./Src/sys_init.o
 .debug_info    0x0000000000001a19      0x171 ./Src/sysmem.o
 .debug_info    0x0000000000001b8a       0x22 ./Startup/startup_stm32f411retx.o

.debug_abbrev   0x0000000000000000      0x89a
 .debug_abbrev  0x0000000000000000       0xeb ./Src/delay.o
 .debug_abbrev  0x00000000000000eb      0x111 ./Src/fonts.o
 .debug_abbrev  0x00000000000001fc      0x185 ./Src/main.o
 .debug_abbrev  0x0000000000000381      0x288 ./Src/oled.o
 .debug_abbrev  0x0000000000000609      0x10e ./Src/spi.o
 .debug_abbrev  0x0000000000000717       0xb6 ./Src/sys_init.o
 .debug_abbrev  0x00000000000007cd       0xbb ./Src/sysmem.o
 .debug_abbrev  0x0000000000000888       0x12 ./Startup/startup_stm32f411retx.o

.debug_aranges  0x0000000000000000      0x220
 .debug_aranges
                0x0000000000000000       0x28 ./Src/delay.o
 .debug_aranges
                0x0000000000000028       0x20 ./Src/fonts.o
 .debug_aranges
                0x0000000000000048       0x20 ./Src/main.o
 .debug_aranges
                0x0000000000000068      0x100 ./Src/oled.o
 .debug_aranges
                0x0000000000000168       0x50 ./Src/spi.o
 .debug_aranges
                0x00000000000001b8       0x20 ./Src/sys_init.o
 .debug_aranges
                0x00000000000001d8       0x20 ./Src/sysmem.o
 .debug_aranges
                0x00000000000001f8       0x28 ./Startup/startup_stm32f411retx.o

.debug_ranges   0x0000000000000000      0x1a8
 .debug_ranges  0x0000000000000000       0x18 ./Src/delay.o
 .debug_ranges  0x0000000000000018       0x10 ./Src/fonts.o
 .debug_ranges  0x0000000000000028       0x10 ./Src/main.o
 .debug_ranges  0x0000000000000038       0xf0 ./Src/oled.o
 .debug_ranges  0x0000000000000128       0x40 ./Src/spi.o
 .debug_ranges  0x0000000000000168       0x10 ./Src/sys_init.o
 .debug_ranges  0x0000000000000178       0x10 ./Src/sysmem.o
 .debug_ranges  0x0000000000000188       0x20 ./Startup/startup_stm32f411retx.o

.debug_macro    0x0000000000000000     0x159b
 .debug_macro   0x0000000000000000       0xd8 ./Src/delay.o
 .debug_macro   0x00000000000000d8      0x1ab ./Src/fonts.o
 .debug_macro   0x0000000000000283       0x52 ./Src/fonts.o
 .debug_macro   0x00000000000002d5       0x1e ./Src/fonts.o
 .debug_macro   0x00000000000002f3       0x3c ./Src/fonts.o
 .debug_macro   0x000000000000032f       0x34 ./Src/fonts.o
 .debug_macro   0x0000000000000363      0x174 ./Src/fonts.o
 .debug_macro   0x00000000000004d7       0x16 ./Src/fonts.o
 .debug_macro   0x00000000000004ed       0x43 ./Src/fonts.o
 .debug_macro   0x0000000000000530       0x34 ./Src/fonts.o
 .debug_macro   0x0000000000000564       0x10 ./Src/fonts.o
 .debug_macro   0x0000000000000574       0x58 ./Src/fonts.o
 .debug_macro   0x00000000000005cc       0x71 ./Src/fonts.o
 .debug_macro   0x000000000000063d       0x1c ./Src/fonts.o
 .debug_macro   0x0000000000000659      0x12a ./Src/fonts.o
 .debug_macro   0x0000000000000783      0x341 ./Src/fonts.o
 .debug_macro   0x0000000000000ac4       0x10 ./Src/fonts.o
 .debug_macro   0x0000000000000ad4       0x35 ./Src/fonts.o
 .debug_macro   0x0000000000000b09       0x20 ./Src/fonts.o
 .debug_macro   0x0000000000000b29      0x2d7 ./Src/main.o
 .debug_macro   0x0000000000000e00       0x16 ./Src/main.o
 .debug_macro   0x0000000000000e16       0x16 ./Src/main.o
 .debug_macro   0x0000000000000e2c       0x29 ./Src/main.o
 .debug_macro   0x0000000000000e55       0x16 ./Src/main.o
 .debug_macro   0x0000000000000e6b       0x1c ./Src/main.o
 .debug_macro   0x0000000000000e87      0x234 ./Src/oled.o
 .debug_macro   0x00000000000010bb       0xd8 ./Src/spi.o
 .debug_macro   0x0000000000001193       0xce ./Src/sys_init.o
 .debug_macro   0x0000000000001261       0xff ./Src/sysmem.o
 .debug_macro   0x0000000000001360      0x23b ./Src/sysmem.o

.debug_line     0x0000000000000000     0x3714
 .debug_line    0x0000000000000000      0x637 ./Src/delay.o
 .debug_line    0x0000000000000637      0x727 ./Src/fonts.o
 .debug_line    0x0000000000000d5e      0x944 ./Src/main.o
 .debug_line    0x00000000000016a2      0xedd ./Src/oled.o
 .debug_line    0x000000000000257f      0x6b1 ./Src/spi.o
 .debug_line    0x0000000000002c30      0x53a ./Src/sys_init.o
 .debug_line    0x000000000000316a      0x526 ./Src/sysmem.o
 .debug_line    0x0000000000003690       0x84 ./Startup/startup_stm32f411retx.o

.debug_str      0x0000000000000000    0x54320
 .debug_str     0x0000000000000000    0x4f40f ./Src/delay.o
                                      0x4f578 (size before relaxing)
 .debug_str     0x000000000004f40f     0x31ae ./Src/fonts.o
                                      0x52776 (size before relaxing)
 .debug_str     0x00000000000525bd     0x1276 ./Src/main.o
                                      0x53979 (size before relaxing)
 .debug_str     0x0000000000053833      0x403 ./Src/oled.o
                                      0x52d4f (size before relaxing)
 .debug_str     0x0000000000053c36      0x173 ./Src/spi.o
                                      0x4f73a (size before relaxing)
 .debug_str     0x0000000000053da9       0x71 ./Src/sys_init.o
                                      0x4f5bd (size before relaxing)
 .debug_str     0x0000000000053e1a      0x4d5 ./Src/sysmem.o
                                       0x5de8 (size before relaxing)
 .debug_str     0x00000000000542ef       0x31 ./Startup/startup_stm32f411retx.o
                                         0x8f (size before relaxing)

.comment        0x0000000000000000       0x50
 .comment       0x0000000000000000       0x50 ./Src/delay.o
                                         0x51 (size before relaxing)
 .comment       0x0000000000000050       0x51 ./Src/fonts.o
 .comment       0x0000000000000050       0x51 ./Src/main.o
 .comment       0x0000000000000050       0x51 ./Src/oled.o
 .comment       0x0000000000000050       0x51 ./Src/spi.o
 .comment       0x0000000000000050       0x51 ./Src/sys_init.o
 .comment       0x0000000000000050       0x51 ./Src/sysmem.o

.debug_frame    0x0000000000000000      0xc00
 .debug_frame   0x0000000000000000       0x60 ./Src/delay.o
 .debug_frame   0x0000000000000060       0x38 ./Src/fonts.o
 .debug_frame   0x0000000000000098       0x30 ./Src/main.o
 .debug_frame   0x00000000000000c8      0x430 ./Src/oled.o
 .debug_frame   0x00000000000004f8       0xf8 ./Src/spi.o
 .debug_frame   0x00000000000005f0       0x30 ./Src/sys_init.o
 .debug_frame   0x0000000000000620       0x34 ./Src/sysmem.o
 .debug_frame   0x0000000000000654       0x20 /Applications/STM32CubeIDE.app/Contents/Eclipse/plugins/com.st.stm32cube.ide.mcu.externaltools.gnu-tools-for-stm32.10.3-2021.10.macos64_1.0.100.202210260954/tools/bin/../lib/gcc/arm-none-eabi/10.3.1/../../../../arm-none-eabi/lib/thumb/v7e-m+fp/hard/libc_nano.a(lib_a-errno.o)
 .debug_frame   0x0000000000000674       0x2c /Applications/STM32CubeIDE.app/Contents/Eclipse/plugins/com.st.stm32cube.ide.mcu.externaltools.gnu-tools-for-stm32.10.3-2021.10.macos64_1.0.100.202210260954/tools/bin/../lib/gcc/arm-none-eabi/10.3.1/../../../../arm-none-eabi/lib/thumb/v7e-m+fp/hard/libc_nano.a(lib_a-init.o)
 .debug_frame   0x00000000000006a0       0x20 /Applications/STM32CubeIDE.app/Contents/Eclipse/plugins/com.st.stm32cube.ide.mcu.externaltools.gnu-tools-for-stm32.10.3-2021.10.macos64_1.0.100.202210260954/tools/bin/../lib/gcc/arm-none-eabi/10.3.1/../../../../arm-none-eabi/lib/thumb/v7e-m+fp/hard/libc_nano.a(lib_a-memset.o)
 .debug_frame   0x00000000000006c0       0x6c /Applications/STM32CubeIDE.app/Contents/Eclipse/plugins/com.st.stm32cube.ide.mcu.externaltools.gnu-tools-for-stm32.10.3-2021.10.macos64_1.0.100.202210260954/tools/bin/../lib/gcc/arm-none-eabi/10.3.1/../../../../arm-none-eabi/lib/thumb/v7e-m+fp/hard/libc_nano.a(lib_a-sprintf.o)
 .debug_frame   0x000000000000072c      0x14c /Applications/STM32CubeIDE.app/Contents/Eclipse/plugins/com.st.stm32cube.ide.mcu.externaltools.gnu-tools-for-stm32.10.3-2021.10.macos64_1.0.100.202210260954/tools/bin/../lib/gcc/arm-none-eabi/10.3.1/../../../../arm-none-eabi/lib/thumb/v7e-m+fp/hard/libc_nano.a(lib_a-findfp.o)
 .debug_frame   0x0000000000000878       0xb0 /Applications/STM32CubeIDE.app/Contents/Eclipse/plugins/com.st.stm32cube.ide.mcu.externaltools.gnu-tools-for-stm32.10.3-2021.10.macos64_1.0.100.202210260954/tools/bin/../lib/gcc/arm-none-eabi/10.3.1/../../../../arm-none-eabi/lib/thumb/v7e-m+fp/hard/libc_nano.a(lib_a-lock.o)
 .debug_frame   0x0000000000000928       0x4c /Applications/STM32CubeIDE.app/Contents/Eclipse/plugins/com.st.stm32cube.ide.mcu.externaltools.gnu-tools-for-stm32.10.3-2021.10.macos64_1.0.100.202210260954/tools/bin/../lib/gcc/arm-none-eabi/10.3.1/../../../../arm-none-eabi/lib/thumb/v7e-m+fp/hard/libc_nano.a(lib_a-nano-mallocr.o)
 .debug_frame   0x0000000000000974       0x90 /Applications/STM32CubeIDE.app/Contents/Eclipse/plugins/com.st.stm32cube.ide.mcu.externaltools.gnu-tools-for-stm32.10.3-2021.10.macos64_1.0.100.202210260954/tools/bin/../lib/gcc/arm-none-eabi/10.3.1/../../../../arm-none-eabi/lib/thumb/v7e-m+fp/hard/libc_nano.a(lib_a-nano-svfprintf.o)
 .debug_frame   0x0000000000000a04       0x60 /Applications/STM32CubeIDE.app/Contents/Eclipse/plugins/com.st.stm32cube.ide.mcu.externaltools.gnu-tools-for-stm32.10.3-2021.10.macos64_1.0.100.202210260954/tools/bin/../lib/gcc/arm-none-eabi/10.3.1/../../../../arm-none-eabi/lib/thumb/v7e-m+fp/hard/libc_nano.a(lib_a-nano-vfprintf_i.o)
 .debug_frame   0x0000000000000a64       0x2c /Applications/STM32CubeIDE.app/Contents/Eclipse/plugins/com.st.stm32cube.ide.mcu.externaltools.gnu-tools-for-stm32.10.3-2021.10.macos64_1.0.100.202210260954/tools/bin/../lib/gcc/arm-none-eabi/10.3.1/../../../../arm-none-eabi/lib/thumb/v7e-m+fp/hard/libc_nano.a(lib_a-sbrkr.o)
 .debug_frame   0x0000000000000a90       0x28 /Applications/STM32CubeIDE.app/Contents/Eclipse/plugins/com.st.stm32cube.ide.mcu.externaltools.gnu-tools-for-stm32.10.3-2021.10.macos64_1.0.100.202210260954/tools/bin/../lib/gcc/arm-none-eabi/10.3.1/../../../../arm-none-eabi/lib/thumb/v7e-m+fp/hard/libc_nano.a(lib_a-memcpy-stub.o)
 .debug_frame   0x0000000000000ab8       0x28 /Applications/STM32CubeIDE.app/Contents/Eclipse/plugins/com.st.stm32cube.ide.mcu.externaltools.gnu-tools-for-stm32.10.3-2021.10.macos64_1.0.100.202210260954/tools/bin/../lib/gcc/arm-none-eabi/10.3.1/../../../../arm-none-eabi/lib/thumb/v7e-m+fp/hard/libc_nano.a(lib_a-memmove.o)
 .debug_frame   0x0000000000000ae0       0x30 /Applications/STM32CubeIDE.app/Contents/Eclipse/plugins/com.st.stm32cube.ide.mcu.externaltools.gnu-tools-for-stm32.10.3-2021.10.macos64_1.0.100.202210260954/tools/bin/../lib/gcc/arm-none-eabi/10.3.1/../../../../arm-none-eabi/lib/thumb/v7e-m+fp/hard/libc_nano.a(lib_a-mlock.o)
 .debug_frame   0x0000000000000b10       0x38 /Applications/STM32CubeIDE.app/Contents/Eclipse/plugins/com.st.stm32cube.ide.mcu.externaltools.gnu-tools-for-stm32.10.3-2021.10.macos64_1.0.100.202210260954/tools/bin/../lib/gcc/arm-none-eabi/10.3.1/../../../../arm-none-eabi/lib/thumb/v7e-m+fp/hard/libc_nano.a(lib_a-nano-freer.o)
 .debug_frame   0x0000000000000b48       0x3c /Applications/STM32CubeIDE.app/Contents/Eclipse/plugins/com.st.stm32cube.ide.mcu.externaltools.gnu-tools-for-stm32.10.3-2021.10.macos64_1.0.100.202210260954/tools/bin/../lib/gcc/arm-none-eabi/10.3.1/../../../../arm-none-eabi/lib/thumb/v7e-m+fp/hard/libc_nano.a(lib_a-nano-reallocr.o)
 .debug_frame   0x0000000000000b84       0x5c /Applications/STM32CubeIDE.app/Contents/Eclipse/plugins/com.st.stm32cube.ide.mcu.externaltools.gnu-tools-for-stm32.10.3-2021.10.macos64_1.0.100.202210260954/tools/bin/../lib/gcc/arm-none-eabi/10.3.1/../../../../arm-none-eabi/lib/thumb/v7e-m+fp/hard/libc_nano.a(lib_a-reent.o)
 .debug_frame   0x0000000000000be0       0x20 /Applications/STM32CubeIDE.app/Contents/Eclipse/plugins/com.st.stm32cube.ide.mcu.externaltools.gnu-tools-for-stm32.10.3-2021.10.macos64_1.0.100.202210260954/tools/bin/../lib/gcc/arm-none-eabi/10.3.1/../../../../arm-none-eabi/lib/thumb/v7e-m+fp/hard/libc_nano.a(lib_a-nano-msizer.o)
