../Src/oled.c:34:6:SSD1306_WRITECOMMAND	16	static
../Src/oled.c:42:6:SSD1306_WRITEDATA	16	static
../Src/oled.c:50:6:SSD1306_Write_Multi_Data	16	static
../Src/oled.c:84:6:SSD1306_ScrollRight	16	static
../Src/oled.c:97:6:SSD1306_ScrollLeft	16	static
../Src/oled.c:110:6:SSD1306_Scrolldiagright	16	static
../Src/oled.c:126:6:SSD1306_Scrolldiagleft	16	static
../Src/oled.c:142:6:SSD1306_Stopscroll	8	static
../Src/oled.c:149:6:SSD1306_InvertDisplay	16	static
../Src/oled.c:158:6:SSD1306_DrawBitmap	32	static
../Src/oled.c:188:9:SSD1306_Init	16	static
../Src/oled.c:248:6:SSD1306_UpdateScreen	16	static
../Src/oled.c:262:6:SSD1306_ToggleInvert	16	static
../Src/oled.c:274:6:SSD1306_Fill	16	static
../Src/oled.c:279:6:SSD1306_DrawPixel	16	static
../Src/oled.c:301:6:SSD1306_GotoXY	16	static
../Src/oled.c:307:6:SSD1306_Putc	32	static
../Src/oled.c:338:6:SSD1306_Puts	24	static
../Src/oled.c:356:6:SSD1306_DrawLine	40	static
../Src/oled.c:440:6:SSD1306_DrawRectangle	32	static
../Src/oled.c:465:6:SSD1306_DrawFilledRectangle	40	static
../Src/oled.c:492:6:SSD1306_DrawTriangle	32	static
../Src/oled.c:500:6:SSD1306_DrawFilledTriangle	64	static
../Src/oled.c:556:6:SSD1306_DrawCircle	40	static
../Src/oled.c:590:6:SSD1306_DrawFilledCircle	48	static
../Src/oled.c:623:6:SSD1306_Clear	8	static
../Src/oled.c:628:6:SSD1306_ON	8	static
../Src/oled.c:633:6:SSD1306_OFF	8	static
../Src/oled.c:640:6:ssd1306_I2C_Init	16	static
